../../CM7/../../CM7/Middlewares/ST/touchgfx/framework/include/touchgfx/Screen.hpp:104:18:virtual void touchgfx::Screen::afterTransition()	0	static
../../CM7/../../CM7/Middlewares/ST/touchgfx/framework/include/touchgfx/Screen.hpp:154:18:virtual void touchgfx::Screen::handleKeyEvent(uint8_t)	0	static
D:/touchgfx_projects/pinpad/CM7/TouchGFX/gui/src/screen1_screen/Screen1View.cpp:46:6:virtual void Screen1View::tearDownScreen()	0	static
D:/touchgfx_projects/pinpad/CM7/TouchGFX/gui/src/screen1_screen/Screen1View.cpp:64:6:virtual void Screen1View::handleTickEvent()	16	static
../../CM7/../../CM7/Middlewares/ST/touchgfx/framework/include/touchgfx/Callback.hpp:357:8:touchgfx::Callback<Screen1View, const touchgfx::AbstractButton&>::~Callback()	0	static
../../CM7/../../CM7/Middlewares/ST/touchgfx/framework/include/touchgfx/Callback.hpp:386:18:void touchgfx::Callback<dest_type, T1, void, void>::execute(T1) [with dest_type = Screen1View; T1 = const touchgfx::AbstractButton&]	8	static
../../CM7/../../CM7/Middlewares/ST/touchgfx/framework/include/touchgfx/Callback.hpp:396:18:bool touchgfx::Callback<dest_type, T1, void, void>::isValid() const [with dest_type = Screen1View; T1 = const touchgfx::AbstractButton&]	0	static
../../CM7/../../CM7/Middlewares/ST/touchgfx/framework/include/touchgfx/Callback.hpp:357:8:virtual touchgfx::Callback<Screen1View, const touchgfx::AbstractButton&>::~Callback()	8	static
../../CM7/../../CM7/TouchGFX/gui/include/gui/screen1_screen/Screen1View.hpp:17:13:Screen1View::~Screen1View()	8	static
../../CM7/../../CM7/TouchGFX/gui/include/gui/screen1_screen/Screen1View.hpp:17:13:virtual Screen1View::~Screen1View()	8	static
../../CM7/../../CM7/Middlewares/ST/touchgfx/framework/include/touchgfx/widgets/ButtonWithLabel.hpp:132:10:void touchgfx::ButtonWithLabel::updateTextPosition()	24	static
D:/touchgfx_projects/pinpad/CM7/TouchGFX/gui/src/screen1_screen/Screen1View.cpp:71:6:void swap(TEXTS&, TEXTS&)	0	static
C:\ST\STM32CubeIDE_1.15.1\STM32CubeIDE\plugins\com.st.stm32cube.ide.mcu.externaltools.gnu-tools-for-stm32.12.3.rel1.win32_1.0.100.202403111256\tools\bin/../lib/gcc/arm-none-eabi/12.3.1/../../../../arm-none-eabi/include/c++/12.3.1/bits/stl_vector.h:364:7:std::_Vector_base<_Tp, _Alloc>::~_Vector_base() [with _Tp = TEXTS; _Alloc = std::allocator<TEXTS>]	8	static
C:\ST\STM32CubeIDE_1.15.1\STM32CubeIDE\plugins\com.st.stm32cube.ide.mcu.externaltools.gnu-tools-for-stm32.12.3.rel1.win32_1.0.100.202403111256\tools\arm-none-eabi\include\c++\12.3.1\bits\stl_algobase.h:420:2:static _Tp* std::__copy_move<_IsMove, true, std::random_access_iterator_tag>::__copy_m(const _Tp*, const _Tp*, _Tp*) [with _Tp = TEXTS; bool _IsMove = false]	8	static
D:/touchgfx_projects/pinpad/CM7/TouchGFX/gui/src/screen1_screen/Screen1View.cpp:78:6:void shuffle(const std::vector<T>&, std::vector<T>&) [with T = TEXTS]	24	static
C:\ST\STM32CubeIDE_1.15.1\STM32CubeIDE\plugins\com.st.stm32cube.ide.mcu.externaltools.gnu-tools-for-stm32.12.3.rel1.win32_1.0.100.202403111256\tools\bin/../lib/gcc/arm-none-eabi/12.3.1/../../../../arm-none-eabi/include/c++/12.3.1/bits/stl_vector.h:1682:2:void std::vector<_Tp, _Alloc>::_M_range_initialize(_ForwardIterator, _ForwardIterator, std::forward_iterator_tag) [with _ForwardIterator = const TEXTS*; _Tp = TEXTS; _Alloc = std::allocator<TEXTS>]	24	static
D:/touchgfx_projects/pinpad/CM7/TouchGFX/gui/src/screen1_screen/Screen1View.cpp:51:6:void Screen1View::shuffleButtons()	40	static
D:/touchgfx_projects/pinpad/CM7/TouchGFX/gui/src/screen1_screen/Screen1View.cpp:60:6:void Screen1View::buttonCallbackHandler(const touchgfx::AbstractButton&)	0	static
D:/touchgfx_projects/pinpad/CM7/TouchGFX/gui/src/screen1_screen/Screen1View.cpp:6:1:Screen1View::Screen1View()	80	static
D:/touchgfx_projects/pinpad/CM7/TouchGFX/gui/src/screen1_screen/Screen1View.cpp:41:6:virtual void Screen1View::setupScreen()	0	static
